Device set to use cuda:0
Device set to use cuda:0
 stage render         prompt                                   evaluator_id   n  truncated_share_200  truncated_share_600  position_rate_200  position_rate_600  direction_index_200  direction_index_600  label_changed_share  direction_flip_share
0_base    raw        opinion                        deterministic_stance_v1 176               0.6534               0.5966             0.0739             0.0852               0.2286               0.3000               0.0170                0.0000
0_base    raw        opinion   faulborn_nli_reconstructed_as_written_seed42 176               0.6534               0.5966             0.2500             0.1932               0.0726               0.0916               0.0739                0.0114
0_base    raw        opinion faulborn_nli_reconstructed_leakage_free_seed42 176               0.6534               0.5966             0.2273             0.1648               0.1253               0.1762               0.0739                0.0000
0_base    raw please_respond                        deterministic_stance_v1 176               0.7670               0.7443             0.0341             0.0455               0.6667               0.6667               0.0114                0.0000
0_base    raw please_respond   faulborn_nli_reconstructed_as_written_seed42 176               0.7670               0.7443             0.1534             0.1250               0.1333              -0.1500               0.0568                0.0114
0_base    raw please_respond faulborn_nli_reconstructed_leakage_free_seed42 176               0.7670               0.7443             0.1591             0.1307               0.4286               0.2955               0.0568                0.0000
0_base    raw   stance_first                        deterministic_stance_v1 176               0.9943               0.9943             0.0398             0.0398               0.6667               0.6667               0.0000                0.0000
0_base    raw   stance_first   faulborn_nli_reconstructed_as_written_seed42 176               0.9943               0.9943             0.0511             0.0284               0.5000               0.5000               0.0227                0.0000
0_base    raw   stance_first faulborn_nli_reconstructed_leakage_free_seed42 176               0.9943               0.9943             0.0511             0.0398               0.5000               0.3333               0.0227                0.0000
 1_sft native        opinion                        deterministic_stance_v1 176               0.7102               0.0057             0.0739             0.0852               0.0000               0.0000               0.0114                0.0000
 1_sft native        opinion   faulborn_nli_reconstructed_as_written_seed42 176               0.7102               0.0057             0.2159             0.2273               0.4154               0.5320               0.0568                0.0000
 1_sft native        opinion faulborn_nli_reconstructed_leakage_free_seed42 176               0.7102               0.0057             0.2273             0.2443               0.2800               0.3596               0.0455                0.0057
 1_sft native please_respond                        deterministic_stance_v1 176               0.4716               0.0170             0.2045             0.2386               0.0000               0.0000               0.0341                0.0000
 1_sft native please_respond   faulborn_nli_reconstructed_as_written_seed42 176               0.4716               0.0170             0.4318             0.4261               0.6495               0.6478               0.0284                0.0000
 1_sft native please_respond faulborn_nli_reconstructed_leakage_free_seed42 176               0.4716               0.0170             0.3977             0.4034               0.5127               0.4409               0.0341                0.0057
 1_sft native   stance_first                        deterministic_stance_v1 176               0.5341               0.0000             1.0000             1.0000               0.5238               0.5186               0.0341                0.0000
 1_sft native   stance_first   faulborn_nli_reconstructed_as_written_seed42 176               0.5341               0.0000             1.0000             1.0000               0.5000               0.5000               0.0000                0.0000
 1_sft native   stance_first faulborn_nli_reconstructed_leakage_free_seed42 176               0.5341               0.0000             1.0000             1.0000               0.5000               0.5000               0.0000                0.0000
 1_sft    raw        opinion                        deterministic_stance_v1 176               0.0909               0.0795             0.0114             0.0114                  NaN                  NaN               0.0000                0.0000
 1_sft    raw        opinion   faulborn_nli_reconstructed_as_written_seed42 176               0.0909               0.0795             0.0625             0.0398               0.4333               0.6000               0.0227                0.0000
 1_sft    raw        opinion faulborn_nli_reconstructed_leakage_free_seed42 176               0.0909               0.0795             0.0455             0.0341               0.4667               0.6667               0.0170                0.0000
 1_sft    raw please_respond                        deterministic_stance_v1 176               0.3409               0.2159             0.0739             0.0739               0.0571               0.0571               0.0000                0.0000
 1_sft    raw please_respond   faulborn_nli_reconstructed_as_written_seed42 176               0.3409               0.2159             0.2614             0.2500               0.2311               0.2402               0.0227                0.0114
 1_sft    raw please_respond faulborn_nli_reconstructed_leakage_free_seed42 176               0.3409               0.2159             0.2898             0.2670               0.0885               0.1850               0.0284                0.0000
 1_sft    raw   stance_first                        deterministic_stance_v1 176               0.4489               0.4205             0.1193             0.1193               0.3750               0.3295               0.0057                0.0000
 1_sft    raw   stance_first   faulborn_nli_reconstructed_as_written_seed42 176               0.4489               0.4205             0.2841             0.2045               0.4316               0.3143               0.0852                0.0000
 1_sft    raw   stance_first faulborn_nli_reconstructed_leakage_free_seed42 176               0.4489               0.4205             0.3182             0.2386               0.3676               0.2426               0.0852                0.0000
 2_dpo native        opinion                        deterministic_stance_v1 176               1.0000               0.1591             0.0284             0.2557                  NaN                  NaN               0.2273                0.0000
 2_dpo native        opinion   faulborn_nli_reconstructed_as_written_seed42 176               1.0000               0.1591             0.3011             0.3239               0.7746               0.8556               0.1136                0.0114
 2_dpo native        opinion faulborn_nli_reconstructed_leakage_free_seed42 176               1.0000               0.1591             0.2557             0.2955               0.7212               0.6948               0.1420                0.0114
 2_dpo native please_respond                        deterministic_stance_v1 176               1.0000               0.1307             0.0398             0.2727                  NaN                  NaN               0.2330                0.0000
 2_dpo native please_respond   faulborn_nli_reconstructed_as_written_seed42 176               1.0000               0.1307             0.3352             0.3182               0.7995               0.8310               0.1648                0.0000
 2_dpo native please_respond faulborn_nli_reconstructed_leakage_free_seed42 176               1.0000               0.1307             0.2841             0.2614               0.6618               0.7251               0.1591                0.0284
 2_dpo native   stance_first                        deterministic_stance_v1 176               1.0000               0.0511             0.9943             0.9943               0.5097               0.6286               0.2159                0.0000
 2_dpo native   stance_first   faulborn_nli_reconstructed_as_written_seed42 176               1.0000               0.0511             0.9773             0.9602               0.5474               0.5639               0.0170                0.0000
 2_dpo native   stance_first faulborn_nli_reconstructed_leakage_free_seed42 176               1.0000               0.0511             0.9773             0.9545               0.5474               0.5725               0.0227                0.0000
 2_dpo    raw        opinion                        deterministic_stance_v1 176               0.4716               0.1193             0.1648             0.2102               0.5000               0.6667               0.0682                0.0000
 2_dpo    raw        opinion   faulborn_nli_reconstructed_as_written_seed42 176               0.4716               0.1193             0.5057             0.5000               0.3257               0.3818               0.0227                0.0057
 2_dpo    raw        opinion faulborn_nli_reconstructed_leakage_free_seed42 176               0.4716               0.1193             0.4830             0.4545               0.3345               0.4220               0.0625                0.0341
 2_dpo    raw please_respond                        deterministic_stance_v1 176               0.7898               0.0966             0.4489             0.5284               0.1083               0.1747               0.1193                0.0000
 2_dpo    raw please_respond   faulborn_nli_reconstructed_as_written_seed42 176               0.7898               0.0966             0.8864             0.9034               0.2619               0.2479               0.0739                0.0170
 2_dpo    raw please_respond faulborn_nli_reconstructed_leakage_free_seed42 176               0.7898               0.0966             0.8750             0.8807               0.2648               0.3057               0.0568                0.0398
 2_dpo    raw   stance_first                        deterministic_stance_v1 176               0.8466               0.2614             0.2670             0.4034               0.5000               0.5294               0.1591                0.0000
 2_dpo    raw   stance_first   faulborn_nli_reconstructed_as_written_seed42 176               0.8466               0.2614             0.8352             0.8295               0.4143               0.4410               0.0398                0.0227
 2_dpo    raw   stance_first faulborn_nli_reconstructed_leakage_free_seed42 176               0.8466               0.2614             0.8239             0.8125               0.3986               0.3937               0.0398                0.0170
